// Jest Snapshot v1, https://goo.gl/fbAQLP

exports[`COMPONENT - Item Discount renders correctly 1`] = `
.c0 {
  font-size: 1.4rem;
  font-weight: 400;
  color: #222222;
  margin: 0;
  -webkit-text-decoration: none;
  text-decoration: none;
  color: #e0151d;
  font-weight: 700;
}

<p
  className="c0"
/>
`;
