// Jest Snapshot v1, https://goo.gl/fbAQLP

exports[`COMPONENT - Item render Item component 1`] = `
.c1 {
  width: 100%;
  grid-column-start: 1;
  grid-column-end: 2;
  grid-row-start: 1;
  grid-row-end: 7;
}

.c6 {
  font-size: 1.5rem;
  color: #000000;
  margin: 0.2rem 0;
}

.c2 {
  font-size: 1.6rem;
  font-weight: normal;
  margin: 0.5rem 0;
}

.c3 {
  font-size: 1.2rem;
}

.c9 {
  font-size: 2.2rem;
  font-weight: bold;
  background: none;
  box-shadow: none;
  border: 0;
}

.c10 {
  width: 6rem;
  font-size: 1.5rem;
  font-weight: bold;
  text-align: center;
  box-shadow: none;
  border: 0;
}

.c8 {
  grid-column-start: 1;
  grid-column-end: 3;
  display: grid;
  justify-items: center;
  border-radius: 0.25rem;
  grid-template-columns: 3rem auto 3rem;
  width: 40%;
  border: 0.2rem solid #b0b0b0;
  height: 4.4rem;
}

.c7 {
  font-size: 1.5rem;
  color: #000000;
  margin: 0.2rem 0;
  font-weight: bold;
}

.c5 {
  font-size: 1.5rem;
  color: #000000;
  margin: 0.2rem 0;
  text-transform: uppercase;
  color: #e0151d;
  font-weight: bold;
}

.c4 {
  margin: 1.3rem 0;
}

.c0 {
  display: grid;
  grid-template-columns: 30% auto;
  -webkit-align-items: center;
  -webkit-box-align: center;
  -ms-flex-align: center;
  align-items: center;
  margin: 3rem 1.3rem;
}

<div
  className="c0"
>
  <img
    className="c1"
    src="https://images-na.ssl-images-amazon.com/images/I/71ZgPluVoTL._UX385_.jpg"
  />
  <h3
    className="c2"
  >
    Men's Chaps Performance Series Classic-Fit 4-Way Strech Sit Jacket
  </h3>
  <label
    className="c3"
  >
    Size: 42 SHORT
  </label>
  <label
    className="c3"
  >
    Color: Charcoal
  </label>
  <div
    className="c4"
  >
    <p
      className="c5"
    >
      Sale $125.00
    </p>
    <p
      className="c6"
    >
      Regular $240.00
    </p>
    <p
      className="c7"
    >
      Total $115.00
    </p>
  </div>
  <div
    className="c8"
  >
    <button
      className="c9"
      disabled={true}
    >
      -
    </button>
    <input
      className="c10"
    />
    <button
      className="c9"
    >
      +
    </button>
  </div>
</div>
`;
