// Jest Snapshot v1, https://goo.gl/fbAQLP

exports[`COMPONENT - Wrapper renders Wrapper component 1`] = `
.c0 {
  display: grid;
  grid-template-columns: 30% auto 25%;
  -webkit-align-items: center;
  -webkit-box-align: center;
  -ms-flex-align: center;
  align-items: center;
  margin: 3rem 0;
}

<div
  className="c0"
/>
`;
