// Jest Snapshot v1, https://goo.gl/fbAQLP

exports[`COMPONENT - CartIcon renders correctly 1`] = `
.c1 {
  position: absolute;
  color: #ffffff;
  font-weight: 700;
  font-size: 1.2rem;
  padding-bottom: 0.7rem;
}

.c0 {
  height: 100%;
  cursor: pointer;
  display: -webkit-box;
  display: -webkit-flex;
  display: -ms-flexbox;
  display: flex;
  -webkit-align-items: center;
  -webkit-box-align: center;
  -ms-flex-align: center;
  align-items: center;
  -webkit-box-pack: center;
  -webkit-justify-content: center;
  -ms-flex-pack: center;
  justify-content: center;
  position: relative;
}

<a
  className="c0"
  data-testid="cart-icon"
  href="/cart"
  onClick={[Function]}
>
  <div
    className="c1"
  >
    4
  </div>
  <SimpleCartIcon />
</a>
`;
