// Jest Snapshot v1, https://goo.gl/fbAQLP

exports[`COMPONENT - CheckoutReview render CheckoutReview component 1`] = `
Array [
  .c1 {
  font-size: 1.8rem;
  -webkit-text-decoration: none;
  text-decoration: none;
  font-weight: 400;
  font-weight: 400;
  line-height: 1.4;
  margin: 0;
  margin-bottom: 1rem;
  width: 100%;
  display: -webkit-box;
  display: -webkit-flex;
  display: -ms-flexbox;
  display: flex;
  -webkit-box-pack: justify;
  -webkit-justify-content: space-between;
  -ms-flex-pack: justify;
  justify-content: space-between;
}

.c1:last-child {
  margin-bottom: 0;
}

.c2 {
  color: #00a09f;
  font-weight: 700;
  font-size: 1.8rem;
  -webkit-text-decoration: underline;
  text-decoration: underline;
  text-transform: none;
}

.c0 {
  font-size: 1.2rem;
  text-align: left;
  margin-top: 10px;
  margin-bottom: 10px;
  text-transform: uppercase;
}

<section>
    <h3
      className="c0"
    >
      <p
        className="c1"
      >
        Shipping Details
        <Link
          className="c2"
          to="/checkout/delivery"
        >
          Edit
        </Link>
      </p>
    </h3>
  </section>,
  .c1 {
  font-size: 1.8rem;
  -webkit-text-decoration: none;
  text-decoration: none;
  font-weight: 400;
  font-weight: 400;
  line-height: 1.4;
  margin: 0;
  margin-bottom: 1rem;
  width: 100%;
  display: -webkit-box;
  display: -webkit-flex;
  display: -ms-flexbox;
  display: flex;
  -webkit-box-pack: justify;
  -webkit-justify-content: space-between;
  -ms-flex-pack: justify;
  justify-content: space-between;
}

.c1:last-child {
  margin-bottom: 0;
}

.c2 {
  color: #00a09f;
  font-weight: 700;
  font-size: 1.8rem;
  -webkit-text-decoration: underline;
  text-decoration: underline;
  text-transform: none;
}

.c0 {
  font-size: 1.2rem;
  text-align: left;
  margin-top: 10px;
  margin-bottom: 10px;
  text-transform: uppercase;
}

<section>
    <h3
      className="c0"
    >
      <p
        className="c1"
      >
        Payment Information
        <Link
          className="c2"
          to="/checkout/payment"
        >
          Edit
        </Link>
      </p>
    </h3>
  </section>,
  <OrderSummary />,
  .c1 {
  background: #00a09f;
  color: #ffffff;
  display: block;
  font-size: 700;
  font-weight: 600;
  padding: 1.2rem;
  text-align: center;
  -webkit-text-decoration: none;
  text-decoration: none;
  max-width: 96rem;
  margin: 0 auto;
}

.c0 {
  bottom: 0;
  left: 0;
  padding: 1rem;
  position: fixed;
  width: 100%;
  background: #ffffff;
  border-top: 1px solid #b0b0b0;
  z-index: 6000;
}

<div
    className="c0"
  >
    <Link
      className="c1"
      data-testid="next-step-button"
      to="/cart"
    >
      Place Order
    </Link>
  </div>,
]
`;
