// Jest Snapshot v1, https://goo.gl/fbAQLP

exports[`COMPONENT - BillingAddress renders BillingAddress component 1`] = `
.c2 {
  padding: 0;
  font-style: normal;
}

.c1 {
  font-size: 1.8rem;
  -webkit-text-decoration: none;
  text-decoration: none;
  font-weight: 700;
  line-height: 1.4;
  margin: 0;
  margin-bottom: 1rem;
  color: #222222;
  margin: 0;
}

.c1:last-child {
  margin-bottom: 0;
}

.c3 {
  font-size: 1.8rem;
  -webkit-text-decoration: none;
  text-decoration: none;
  font-weight: 400;
  line-height: 1.4;
  margin: 0;
  margin-bottom: 1rem;
  color: #222222;
  margin: 0;
}

.c3:last-child {
  margin-bottom: 0;
}

.c0 {
  margin-bottom: 2rem;
}

.c0:last-child {
  margin-bottom: 3rem;
}

<section
  className="c0"
>
  <h3
    className="c1"
  >
    Billing Address
  </h3>
  <address
    className="c2"
  >
    <p
      className="c1"
    >
      Taylor
       
      Swift
    </p>
    <p
      className="c3"
    >
      228 Park Ave S
    </p>
    <p
      className="c3"
    >
      New Orlean
    </p>
    <p
      className="c3"
    >
      444 444 444
    </p>
  </address>
</section>
`;
