// Jest Snapshot v1, https://goo.gl/fbAQLP

exports[`COMPONENT - BillingAddress renders BillingAddress component 1`] = `
.c0 {
  padding: 0;
  font-style: normal;
}

.c1 {
  font-size: 1.8rem;
  -webkit-text-decoration: none;
  text-decoration: none;
  font-weight: 700;
  line-height: 1.4;
  margin: 0;
  margin-bottom: 1rem;
  color: #222222;
  margin: 0;
}

.c1:last-child {
  margin-bottom: 0;
}

.c2 {
  font-size: 1.8rem;
  -webkit-text-decoration: none;
  text-decoration: none;
  font-weight: 400;
  line-height: 1.4;
  margin: 0;
  margin-bottom: 1rem;
  color: #222222;
  margin: 0;
}

.c2:last-child {
  margin-bottom: 0;
}

<section>
  <SectionHeader
    actionElement={
      <ModalTrigger
        content=""
        title="Billing Address"
      >
        <ForwardRef
          underline={true}
        >
          Open Modal
        </ForwardRef>
      </ModalTrigger>
    }
  >
    Billing Address
  </SectionHeader>
  <address
    className="c0"
  >
    <p
      className="c1"
    >
      John Robinson
    </p>
    <p
      className="c2"
    >
      228 Park Ave S
    </p>
    <p
      className="c2"
    >
      New York, NY 10003
    </p>
    <p
      className="c2"
    >
      (444) 444-4444
    </p>
  </address>
</section>
`;
