// Jest Snapshot v1, https://goo.gl/fbAQLP

exports[`COMPONENT - CheckoutDelivery renders CheckoutDelivery component 1`] = `
Array [
  .c0 {
  font-size: 1.2rem;
  text-align: left;
  margin-top: 10px;
  margin-bottom: 10px;
  text-transform: uppercase;
  display: -webkit-box;
  display: -webkit-flex;
  display: -ms-flexbox;
  display: flex;
  -webkit-box-pack: justify;
  -webkit-justify-content: space-between;
  -ms-flex-pack: justify;
  justify-content: space-between;
}

<section>
    <h3
      className="c0"
    >
      Shipping Address
      <button
        data-testid="modal-trigger"
        onClick={[Function]}
      >
        <svg
          height="18"
          width="18"
          xmlns="http://www.w3.org/2000/svg"
        >
          <circle
            cx="9"
            cy="9"
            fill="#222"
            r="9"
          />
          <path
            d="M9.833 6.241H8.167V4.724h1.666v1.517zM8.167 7.49h1.666v5.786H8.167V7.49z"
            fill="#fff"
          />
        </svg>
      </button>
    </h3>
  </section>,
  .c1 {
  background: #00a09f;
  color: #ffffff;
  display: block;
  font-size: 700;
  font-weight: 600;
  padding: 1.2rem;
  text-align: center;
  -webkit-text-decoration: none;
  text-decoration: none;
  max-width: 96rem;
  margin: 0 auto;
}

.c0 {
  bottom: 0;
  left: 0;
  padding: 1rem;
  position: fixed;
  width: 100%;
  background: #ffffff;
  border-top: 1px solid #b0b0b0;
  z-index: 6000;
}

<div
    className="c0"
  >
    <Link
      className="c1"
      data-testid="next-step-button"
      to="/checkout/payment"
    >
      Continue to Payment
    </Link>
  </div>,
]
`;
