// Jest Snapshot v1, https://goo.gl/fbAQLP

exports[`COMPONENT - CheckoutDelivery renders CheckoutDelivery component 1`] = `
Array [
  .c0 {
  margin: 0;
  margin-bottom: 2rem;
  font-size: 3rem;
  font-weight: 700;
  line-height: 1;
}

<h1
    className="c0"
  >
    Delivery
  </h1>,
  .c1 {
  background: #00a09f;
  color: #ffffff;
  display: block;
  font-size: 1.8rem;
  font-weight: 600;
  padding: 1.2rem;
  text-align: center;
  -webkit-text-decoration: none;
  text-decoration: none;
  max-width: 96rem;
  margin: 0 auto;
}

.c0 {
  bottom: 0;
  left: 0;
  padding: 1rem;
  position: fixed;
  width: 100%;
  background: #ffffff;
  border-top: 1px solid #b0b0b0;
}

<div
    className="c0"
  >
    <Link
      className="c1"
      to="/checkout/payment"
    >
      Continue to Payment
    </Link>
  </div>,
]
`;
