// Jest Snapshot v1, https://goo.gl/fbAQLP

exports[`COMPONENT - CheckoutDelivery renders CheckoutDelivery component 1`] = `
.c0 {
  padding-top: 3rem;
  padding-bottom: 12rem;
}

.c2 {
  margin: 0;
  margin-bottom: 2rem;
  font-size: 3rem;
  font-weight: 700;
  line-height: 1;
}

.c1 {
  max-width: 100rem;
  padding: 0 2rem;
  margin: 0 auto;
}

<article
  className="c0"
>
  <section
    className="c1"
  >
    <h1
      className="c2"
    >
      Delivery
    </h1>
    <section>
      <SectionHeader
        actionElement={
          <ModalTrigger
            content="Items being shipped may need to be divided into two or more shipments. This will not affect shipping charges."
            title="Shipping & Pickup"
          />
        }
      >
        Shipping Address
      </SectionHeader>
      <Form />
    </section>
  </section>
  <NextStep
    label="Continue to Payment"
    onMoveToNextStep={[Function]}
  />
</article>
`;
