// Jest Snapshot v1, https://goo.gl/fbAQLP

exports[`COMPONENT - ShippingDetails renders ShippingDetails component 1`] = `
.c1 {
  font-size: 1.8rem;
  -webkit-text-decoration: none;
  text-decoration: none;
  font-weight: 400;
  font-weight: 400;
  line-height: 1.4;
  margin: 0;
  margin-bottom: 1rem;
  width: 100%;
  display: -webkit-box;
  display: -webkit-flex;
  display: -ms-flexbox;
  display: flex;
  -webkit-box-pack: justify;
  -webkit-justify-content: space-between;
  -ms-flex-pack: justify;
  justify-content: space-between;
}

.c1:last-child {
  margin-bottom: 0;
}

.c0 {
  font-size: 1.2rem;
  text-align: left;
  margin-top: 10px;
  margin-bottom: 10px;
  text-transform: uppercase;
}

.c2 {
  color: #00a09f;
  font-weight: 700;
  font-size: 1.8rem;
  -webkit-text-decoration: underline;
  text-decoration: underline;
  text-transform: none;
}

<section>
  <h3
    className="c0"
  >
    <p
      className="c1"
    >
      Shipping Details
      <MockedLink
        className="c2"
        to="/checkout/delivery"
      >
        Edit
      </MockedLink>
    </p>
  </h3>
</section>
`;
