// Jest Snapshot v1, https://goo.gl/fbAQLP

exports[`COMPONENT - ShippingDetails Renders correctly ShippingDetails component 1`] = `
Array [
  .c0 {
  font-size: 1.8rem;
  -webkit-text-decoration: none;
  text-decoration: none;
  font-weight: 700;
  line-height: 1.4;
  margin: 0;
  margin-bottom: 1rem;
  color: #222222;
}

.c0:last-child {
  margin-bottom: 0;
}

<p
    className="c0"
  >
    Item can only be shipped Standard
  </p>,
  .c1 {
  font-size: 1.8rem;
  -webkit-text-decoration: none;
  text-decoration: none;
  font-weight: 400;
  line-height: 1.4;
  margin: 0;
  margin-bottom: 1rem;
  color: #222222;
  padding: 0 1rem;
  margin: 0;
}

.c1:last-child {
  margin-bottom: 0;
}

.c2 {
  font-size: 1.8rem;
  -webkit-text-decoration: none;
  text-decoration: none;
  font-weight: 700;
  line-height: 1.4;
  margin: 0;
  margin-bottom: 1rem;
  color: #222222;
  padding: 0 1rem;
  margin: 0;
}

.c2:last-child {
  margin-bottom: 0;
}

.c0 {
  display: -webkit-box;
  display: -webkit-flex;
  display: -ms-flexbox;
  display: flex;
  -webkit-align-items: center;
  -webkit-box-align: center;
  -ms-flex-align: center;
  align-items: center;
  margin-bottom: 2rem;
}

<div
    className="c0"
  >
    <Shipping
      fill="#b0b0b0"
    />
    <div>
      <p
        className="c1"
      >
        Arrives
      </p>
      <p
        className="c1"
      >
        Ship to Me
        <span
          className="c2"
        >
          Thu, Apr 18 - Sun, Apr 21
        </span>
      </p>
    </div>
  </div>,
]
`;

exports[`COMPONENT - ShippingDetails When there is no shippingPromo Renders correctly ShippingDetails component without shipping promo 1`] = `
Array [
  .c0 {
  font-size: 1.8rem;
  -webkit-text-decoration: none;
  text-decoration: none;
  font-weight: 700;
  line-height: 1.4;
  margin: 0;
  margin-bottom: 1rem;
  color: #222222;
}

.c0:last-child {
  margin-bottom: 0;
}

<p
    className="c0"
  >
    Item can only be shipped Standard
  </p>,
  .c1 {
  font-size: 1.8rem;
  -webkit-text-decoration: none;
  text-decoration: none;
  font-weight: 400;
  line-height: 1.4;
  margin: 0;
  margin-bottom: 1rem;
  color: #222222;
  padding: 0 1rem;
  margin: 0;
}

.c1:last-child {
  margin-bottom: 0;
}

.c2 {
  font-size: 1.8rem;
  -webkit-text-decoration: none;
  text-decoration: none;
  font-weight: 700;
  line-height: 1.4;
  margin: 0;
  margin-bottom: 1rem;
  color: #222222;
  padding: 0 1rem;
  margin: 0;
}

.c2:last-child {
  margin-bottom: 0;
}

.c0 {
  display: -webkit-box;
  display: -webkit-flex;
  display: -ms-flexbox;
  display: flex;
  -webkit-align-items: center;
  -webkit-box-align: center;
  -ms-flex-align: center;
  align-items: center;
  margin-bottom: 2rem;
}

<div
    className="c0"
  >
    <Shipping
      fill="#b0b0b0"
    />
    <div>
      <p
        className="c1"
      >
        Arrives
      </p>
      <p
        className="c1"
      >
        Ship to Me
        <span
          className="c2"
        >
          Thu, Apr 18 - Sun, Apr 21
        </span>
      </p>
    </div>
  </div>,
]
`;
