// Jest Snapshot v1, https://goo.gl/fbAQLP

exports[`COMPONENT - ShippingDetails Wrapper renders correctly 1`] = `
.c0 {
  display: grid;
  grid-template-columns: 6rem 1fr;
  grid-gap: 2rem;
  margin-bottom: 3rem;
  -webkit-align-items: center;
  -webkit-box-align: center;
  -ms-flex-align: center;
  align-items: center;
}

<div
  className="c0"
/>
`;
