// Jest Snapshot v1, https://goo.gl/fbAQLP

exports[`COMPONENT - ShippingSummary renders ShippingSummary component 1`] = `
Array [
  .c1 {
  font-size: 2.4rem;
  text-align: left;
  margin: 1rem 0;
  display: -webkit-box;
  display: -webkit-flex;
  display: -ms-flexbox;
  display: flex;
  -webkit-box-pack: justify;
  -webkit-justify-content: space-between;
  -ms-flex-pack: justify;
  justify-content: space-between;
  -webkit-align-items: center;
  -webkit-box-align: center;
  -ms-flex-align: center;
  align-items: center;
}

.c2 {
  color: #008484;
  font-weight: 700;
  font-size: 1.8rem;
  padding: 0;
  -webkit-text-decoration: underline;
  text-decoration: underline;
  text-transform: none;
  background: none;
  border: 0;
  cursor: pointer;
}

.c2:focus {
  background-color: #ffbf47;
  outline: 4px solid #ffbf47;
  outline-offset: 0;
}

.c0 {
  max-width: 100rem;
  padding: 0 2rem;
  margin: 0 auto;
}

<section
    className="c0"
  >
    <h2
      className="c1"
    >
      Shipping Details
      <MockedLink
        className="c2"
        to="/checkout/delivery"
      >
        Edit
      </MockedLink>
    </h2>
    <AddressDetails
      title="Shipping Address"
    />
  </section>,
  <ItemsList />,
]
`;
