// Jest Snapshot v1, https://goo.gl/fbAQLP

exports[`COMPONENT - AddressDetails renders AddressDetails component 1`] = `
.c1 {
  padding: 0;
  font-style: normal;
}

.c2 {
  font-size: 1.8rem;
  -webkit-text-decoration: none;
  text-decoration: none;
  font-weight: 700;
  line-height: 1.4;
  margin: 0;
  margin-bottom: 1rem;
  color: #222222;
  margin: 0;
}

.c2:last-child {
  margin-bottom: 0;
}

.c3 {
  font-size: 1.8rem;
  -webkit-text-decoration: none;
  text-decoration: none;
  font-weight: 400;
  line-height: 1.4;
  margin: 0;
  margin-bottom: 1rem;
  color: #222222;
  margin: 0;
}

.c3:last-child {
  margin-bottom: 0;
}

.c0 {
  margin-bottom: 2rem;
}

.c0:last-child {
  margin-bottom: 3rem;
}

<section
  className="c0"
>
  <SectionHeader
    actionElement={
      <ModalTrigger
        content="Information should exactly match your credit card statement. Incomplete or incorrect information may slow order processing."
        title="Address"
      >
        <ForwardRef
          underline={true}
        >
          Open Modal
        </ForwardRef>
      </ModalTrigger>
    }
  >
    Address
  </SectionHeader>
  <address
    className="c1"
  >
    <p
      className="c2"
    >
      Taylor
       
      Swift
    </p>
    <p
      className="c3"
    >
      228 Park Ave S
    </p>
    <p
      className="c3"
    >
      New Orlean
    </p>
    <p
      className="c3"
    >
      444 444 444
    </p>
  </address>
</section>
`;
