// Jest Snapshot v1, https://goo.gl/fbAQLP

exports[`COMPONENT - Icons Cart renders correctly 1`] = `
<svg
  aria-labelledby="title"
  height="37"
  width="41"
  xmlns="http://www.w3.org/2000/svg"
>
  <title>
    Cart
  </title>
  <path
    d="M16.734 31.968a4.5 4.5 0 1 1-9 0 4.5 4.5 0 0 1 9 0zm10.103-4.5a4.5 4.5 0 1 0 0 9 4.5 4.5 0 0 0 0-9zM9.422 5.598V.532H.837v3.377H6.03V23.69h27.076L40.36 5.598H9.422z"
    fill="#222"
  />
</svg>
`;
