// Jest Snapshot v1, https://goo.gl/fbAQLP

exports[`COMPONENT - PaymentMethod renders PaymentMethod component 1`] = `
.c2 {
  font-size: 1.8rem;
  -webkit-text-decoration: none;
  text-decoration: none;
  font-weight: 400;
  line-height: 1.4;
  margin: 0;
  margin-bottom: 1rem;
  color: #222222;
}

.c2:last-child {
  margin-bottom: 0;
}

.c0 {
  margin-bottom: 2rem;
}

.c0:last-child {
  margin-bottom: 3rem;
}

.c1 {
  display: grid;
  grid-template-columns: auto 1fr;
  grid-gap: 20px;
}

@media (max-width:26.25em) {
  .c1 {
    display: block;
  }
}

<section
  className="c0"
>
  <SectionHeader>
    Payment Method
  </SectionHeader>
  <div
    className="c1"
  >
    <PaymentCard
      cardNumber="5376636801372430"
    />
    <section>
      <CardName
        cardNumber="5376636801372430"
      />
      <p
        className="c2"
      >
        XXXX-XXXX-XXXX-2430
      </p>
      <p
        className="c2"
      >
        Expires 
        09
        /
        23
      </p>
    </section>
  </div>
</section>
`;
