// Jest Snapshot v1, https://goo.gl/fbAQLP

exports[`COMPONENT - Header Content renders correctly 1`] = `
.c0 {
  max-width: 100rem;
  padding: 0 2rem;
  margin: 0 auto;
  display: -webkit-box;
  display: -webkit-flex;
  display: -ms-flexbox;
  display: flex;
  -webkit-align-items: flex-start;
  -webkit-box-align: flex-start;
  -ms-flex-align: flex-start;
  align-items: flex-start;
  -webkit-box-pack: justify;
  -webkit-justify-content: space-between;
  -ms-flex-pack: justify;
  justify-content: space-between;
  height: 100%;
}

<section
  className="c0"
/>
`;
