// Jest Snapshot v1, https://goo.gl/fbAQLP

exports[`COMPONENT - Header Logo renders correctly 1`] = `
.c0 {
  height: 100%;
  cursor: pointer;
  padding: 2rem 1rem 0 1rem;
  position: relative;
}

.c0:focus {
  background-color: #7cf99a;
  outline: 0;
}

.c1 {
  position: absolute;
  left: -99999rem;
}

<a
  className="c0"
  data-testid="logo"
  href="/"
  onClick={[Function]}
>
  <span
    className="c1"
  >
    The Store
  </span>
  <LogoIcon />
</a>
`;
