// Jest Snapshot v1, https://goo.gl/fbAQLP

exports[`COMPONENT - Item Page renders correctly 1`] = `
.c0 {
  width: 4rem;
  height: 4rem;
  border: 0;
  background: #222222;
  color: #ffffff;
  font-size: 1.8rem;
  font-weight: 700;
  display: -webkit-box;
  display: -webkit-flex;
  display: -ms-flexbox;
  display: flex;
  -webkit-align-items: center;
  -webkit-box-align: center;
  -ms-flex-align: center;
  align-items: center;
  -webkit-box-pack: center;
  -webkit-justify-content: center;
  -ms-flex-pack: center;
  justify-content: center;
}

.c0:disabled {
  background: #b0b0b0;
}

.c0:not(:disabled) {
  cursor: pointer;
}

.c0:focus {
  outline: 4px solid #ffbf47;
  outline-offset: 0;
}

<button
  className="c0"
/>
`;
