// Jest Snapshot v1, https://goo.gl/fbAQLP

exports[`COMPONENT - FormSelect renders correctly FormSelect 1`] = `
.c0 {
  margin-bottom: 1rem;
}

<label
  className="c0"
>
  MM
  <Select
    field={
      Object {
        "name": "select",
        "onBlur": [Function],
        "onChange": [Function],
        "value": "",
      }
    }
    options={
      Array [
        Object {
          "label": "01",
          "value": "1",
        },
        Object {
          "label": "02",
          "value": "2",
        },
      ]
    }
    value="Select value"
  />
</label>
`;
