// Jest Snapshot v1, https://goo.gl/fbAQLP

exports[`COMPONENT - FormSelect renders correctly 1`] = `
.c1 {
  margin-top: 0.4rem;
}

.c0 {
  position: relative;
  display: block;
  padding-bottom: 2rem;
  font-size: 1.8rem;
}

<label
  className="c0"
>
  Expiration Month
  <Select
    className="c1"
    error={false}
    name="ExpMonth"
    onBlur={[Function]}
    onChange={[Function]}
    value="YY"
  />
</label>
`;
