// Jest Snapshot v1, https://goo.gl/fbAQLP

exports[`COMPONENT - FormInput renders correctly 1`] = `
.c0 {
  position: relative;
  display: block;
  padding-bottom: 2rem;
  font-size: 1.8rem;
}

.c1 {
  border: 1px solid #b0b0b0;
  border-radius: 0;
  height: 4rem;
  padding: 0 1rem;
  font-size: 1.8rem;
  outline: 0;
  width: 100%;
  margin-top: 0.4rem;
}

.c1:disabled {
  background-color: #b0b0b0;
}

.c1:focus {
  border-color: #00a09f;
}

.c1::-webkit-input-placeholder {
  color: #666666;
}

.c1::-moz-placeholder {
  color: #666666;
}

.c1:-ms-input-placeholder {
  color: #666666;
}

.c1::placeholder {
  color: #666666;
}

<label
  className="c0"
>
  First Name
  <input
    className="c1"
    name="firstName"
    onBlur={[Function]}
    onChange={[Function]}
    placeholder="Type first name here..."
    type="text"
    value=""
  />
</label>
`;
