// Jest Snapshot v1, https://goo.gl/fbAQLP

exports[`COMPONENT - Navigation renders Navigation component with "Delivery" tab set as Active 1`] = `
.c2 {
  background: #222222;
  border-right: 0;
  border: 1px solid #454545;
  color: #ffffff;
  display: -webkit-box;
  display: -webkit-flex;
  display: -ms-flexbox;
  display: flex;
  font-size: 1.2rem;
  font-weight: 500;
  -webkit-box-pack: center;
  -webkit-justify-content: center;
  -ms-flex-pack: center;
  justify-content: center;
  padding: 15px;
  width: 100%;
}

.c2:last-child {
  border-right: 1px;
}

.c3 {
  background: #ffffff;
  border-right: 0;
  border: 1px solid #454545;
  color: #222222;
  display: -webkit-box;
  display: -webkit-flex;
  display: -ms-flexbox;
  display: flex;
  font-size: 1.2rem;
  font-weight: 500;
  -webkit-box-pack: center;
  -webkit-justify-content: center;
  -ms-flex-pack: center;
  justify-content: center;
  padding: 15px;
  width: 100%;
}

.c3:last-child {
  border-right: 1px;
}

.c1 {
  display: -webkit-box;
  display: -webkit-flex;
  display: -ms-flexbox;
  display: flex;
  width: 100%;
  -webkit-text-decoration: none;
  text-decoration: none;
}

.c0 {
  display: -webkit-box;
  display: -webkit-flex;
  display: -ms-flexbox;
  display: flex;
  position: fixed;
  width: 100%;
}

<nav
  className="c0"
>
  <Link
    className="c1"
    to="/checkout/delivery"
  >
    <span
      className="c2"
    >
      Delivery
    </span>
  </Link>
  <Link
    className="c1"
    to="/checkout/payment"
  >
    <span
      className="c3"
    >
      Payment
    </span>
  </Link>
  <Link
    className="c1"
    to="/checkout/review"
  >
    <span
      className="c3"
    >
      Review
    </span>
  </Link>
</nav>
`;

exports[`COMPONENT - Navigation renders Navigation component with "Payment" tab set as Active 1`] = `
.c3 {
  background: #222222;
  border-right: 0;
  border: 1px solid #454545;
  color: #ffffff;
  display: -webkit-box;
  display: -webkit-flex;
  display: -ms-flexbox;
  display: flex;
  font-size: 1.2rem;
  font-weight: 500;
  -webkit-box-pack: center;
  -webkit-justify-content: center;
  -ms-flex-pack: center;
  justify-content: center;
  padding: 15px;
  width: 100%;
}

.c3:last-child {
  border-right: 1px;
}

.c2 {
  background: #ffffff;
  border-right: 0;
  border: 1px solid #454545;
  color: #222222;
  display: -webkit-box;
  display: -webkit-flex;
  display: -ms-flexbox;
  display: flex;
  font-size: 1.2rem;
  font-weight: 500;
  -webkit-box-pack: center;
  -webkit-justify-content: center;
  -ms-flex-pack: center;
  justify-content: center;
  padding: 15px;
  width: 100%;
}

.c2:last-child {
  border-right: 1px;
}

.c1 {
  display: -webkit-box;
  display: -webkit-flex;
  display: -ms-flexbox;
  display: flex;
  width: 100%;
  -webkit-text-decoration: none;
  text-decoration: none;
}

.c0 {
  display: -webkit-box;
  display: -webkit-flex;
  display: -ms-flexbox;
  display: flex;
  position: fixed;
  width: 100%;
}

<nav
  className="c0"
>
  <Link
    className="c1"
    to="/checkout/delivery"
  >
    <span
      className="c2"
    >
      Delivery
    </span>
  </Link>
  <Link
    className="c1"
    to="/checkout/payment"
  >
    <span
      className="c3"
    >
      Payment
    </span>
  </Link>
  <Link
    className="c1"
    to="/checkout/review"
  >
    <span
      className="c2"
    >
      Review
    </span>
  </Link>
</nav>
`;

exports[`COMPONENT - Navigation renders Navigation component with "Review" tab set as Active 1`] = `
.c3 {
  background: #222222;
  border-right: 0;
  border: 1px solid #454545;
  color: #ffffff;
  display: -webkit-box;
  display: -webkit-flex;
  display: -ms-flexbox;
  display: flex;
  font-size: 1.2rem;
  font-weight: 500;
  -webkit-box-pack: center;
  -webkit-justify-content: center;
  -ms-flex-pack: center;
  justify-content: center;
  padding: 15px;
  width: 100%;
}

.c3:last-child {
  border-right: 1px;
}

.c2 {
  background: #ffffff;
  border-right: 0;
  border: 1px solid #454545;
  color: #222222;
  display: -webkit-box;
  display: -webkit-flex;
  display: -ms-flexbox;
  display: flex;
  font-size: 1.2rem;
  font-weight: 500;
  -webkit-box-pack: center;
  -webkit-justify-content: center;
  -ms-flex-pack: center;
  justify-content: center;
  padding: 15px;
  width: 100%;
}

.c2:last-child {
  border-right: 1px;
}

.c1 {
  display: -webkit-box;
  display: -webkit-flex;
  display: -ms-flexbox;
  display: flex;
  width: 100%;
  -webkit-text-decoration: none;
  text-decoration: none;
}

.c0 {
  display: -webkit-box;
  display: -webkit-flex;
  display: -ms-flexbox;
  display: flex;
  position: fixed;
  width: 100%;
}

<nav
  className="c0"
>
  <Link
    className="c1"
    to="/checkout/delivery"
  >
    <span
      className="c2"
    >
      Delivery
    </span>
  </Link>
  <Link
    className="c1"
    to="/checkout/payment"
  >
    <span
      className="c2"
    >
      Payment
    </span>
  </Link>
  <Link
    className="c1"
    to="/checkout/review"
  >
    <span
      className="c3"
    >
      Review
    </span>
  </Link>
</nav>
`;
