// Jest Snapshot v1, https://goo.gl/fbAQLP

exports[`COMPONENT - OrderSummary TotalPrice render NextStep component 1`] = `
.c0 {
  width: 100%;
  display: -webkit-box;
  display: -webkit-flex;
  display: -ms-flexbox;
  display: flex;
  -webkit-box-pack: justify;
  -webkit-justify-content: space-between;
  -ms-flex-pack: justify;
  justify-content: space-between;
}

.c1 {
  font-size: 1.2rem;
  font-weight: 700;
}

<div
  className="c0"
>
  <span
    className="c1"
  >
    TOTAL $
  </span>
</div>
`;
