// Jest Snapshot v1, https://goo.gl/fbAQLP

exports[`COMPONENT - ShoppingCart renders ShoppingCart component 1`] = `
Array [
  .c0 {
  font-size: 1.2rem;
  text-align: left;
  margin-top: 10px;
  margin-bottom: 10px;
  text-transform: uppercase;
}

<h3
    className="c0"
    title="Shopping Cart"
  >
     
  </h3>,
  .c0 {
  padding-left: 2rem;
  padding-right: 2rem;
}

<div
    className="c0"
  >
    <ItemsList />
  </div>,
]
`;
