// Jest Snapshot v1, https://goo.gl/fbAQLP

exports[`COMPONENT - CheckoutPayment renders CheckoutPayment component 1`] = `
.c0 {
  max-width: 100rem;
  padding: 0 2rem;
  margin: 0 auto;
  padding-bottom: 3rem;
}

<Page
  title="Payment"
>
  <section
    className="c0"
  >
    <Headline>
      Payment
    </Headline>
    <Form />
  </section>
  <OrderSummary />
  <NextStep
    label="Review Order"
    onMoveToNextStep={[Function]}
  />
</Page>
`;
