// Jest Snapshot v1, https://goo.gl/fbAQLP

exports[`COMPONENT - CheckoutPayment form renders correctly 1`] = `
<form>
  <Text
    dimmed={true}
  >
    Please complete all fields.
  </Text>
  <FormInput
    label="Cardholder Name"
    name="cardHolderName"
    type="text"
  />
  <FormCreditCardInput
    label="Card Number"
    maxLength="19"
    name="cardNumber"
  />
  <FormSelect
    label="Exp. Month"
    name="expMonth"
    options={
      Array [
        Object {
          "disabled": true,
          "label": "MM",
          "value": "MM",
        },
        Object {
          "label": "1",
          "value": "1",
        },
        Object {
          "label": "2",
          "value": "2",
        },
        Object {
          "label": "3",
          "value": "3",
        },
        Object {
          "label": "4",
          "value": "4",
        },
        Object {
          "label": "5",
          "value": "5",
        },
        Object {
          "label": "6",
          "value": "6",
        },
        Object {
          "label": "7",
          "value": "7",
        },
        Object {
          "label": "8",
          "value": "8",
        },
        Object {
          "label": "9",
          "value": "9",
        },
        Object {
          "label": "10",
          "value": "10",
        },
        Object {
          "label": "11",
          "value": "11",
        },
        Object {
          "label": "12",
          "value": "12",
        },
      ]
    }
  />
  <FormSelect
    label="Exp. Year"
    name="expYear"
    options={
      Array [
        Object {
          "disabled": true,
          "label": "YY",
          "value": "YY",
        },
        Object {
          "label": "19",
          "value": "19",
        },
        Object {
          "label": "20",
          "value": "20",
        },
        Object {
          "label": "21",
          "value": "21",
        },
        Object {
          "label": "22",
          "value": "22",
        },
        Object {
          "label": "23",
          "value": "23",
        },
        Object {
          "label": "24",
          "value": "24",
        },
        Object {
          "label": "25",
          "value": "25",
        },
        Object {
          "label": "26",
          "value": "26",
        },
        Object {
          "label": "27",
          "value": "27",
        },
        Object {
          "label": "28",
          "value": "28",
        },
        Object {
          "label": "29",
          "value": "29",
        },
        Object {
          "label": "30",
          "value": "30",
        },
        Object {
          "label": "31",
          "value": "31",
        },
        Object {
          "label": "32",
          "value": "32",
        },
        Object {
          "label": "33",
          "value": "33",
        },
        Object {
          "label": "34",
          "value": "34",
        },
        Object {
          "label": "35",
          "value": "35",
        },
        Object {
          "label": "36",
          "value": "36",
        },
        Object {
          "label": "37",
          "value": "37",
        },
        Object {
          "label": "38",
          "value": "38",
        },
      ]
    }
  />
  <FormInput
    label="Security Code"
    maxLength="4"
    name="securityCode"
    type="password"
  />
</form>
`;
