// Jest Snapshot v1, https://goo.gl/fbAQLP

exports[`COMPONENT - CheckoutPayment form renders correctly 1`] = `
<form>
  <Text
    dimmed={true}
  >
    Please enter your card info. All fields are required.
  </Text>
  <FormCreditCardInput
    label="Card Number"
    maxLength="19"
    name="cardNumber"
  />
  <FormSelect
    label="Exp. Month"
    name="expMonth"
    options={Array []}
  />
  <FormSelect
    label="Exp. Year"
    name="expYear"
    options={Array []}
  />
  <FormInput
    label="Security Code"
    maxLength="4"
    name="securityCode"
    type="password"
  />
</form>
`;
