// Jest Snapshot v1, https://goo.gl/fbAQLP

exports[`COMPONENT - ItemsList renders correct number of items 1`] = `
.c6 {
  font-weight: bold;
  margin-left: 1rem;
}

.c4 {
  -webkit-box-flex: 1;
  -webkit-flex-grow: 1;
  -ms-flex-positive: 1;
  flex-grow: 1;
  padding: 0 1rem;
}

.c5 {
  margin: 0;
}

.c2 {
  margin: 0 auto 2rem;
  width: 100rem;
}

.c3 {
  display: -webkit-box;
  display: -webkit-flex;
  display: -ms-flexbox;
  display: flex;
  -webkit-align-items: center;
  -webkit-box-align: center;
  -ms-flex-align: center;
  align-items: center;
}

.c0 {
  margin-top: 3rem;
  border-top: 1px solid #b0b0b0;
  padding-top: 3rem;
}

.c1 {
  max-width: 100rem;
  padding: 0 2rem;
  margin: 0 auto;
  list-style: none;
}

<section
  className="c0"
>
  <ul
    className="c1"
  >
    <Item
      item={
        Object {
          "id": "64a673c2-59e3-11e9-8647-d663bd873d93",
          "imgUrl": "https://mosaic03.ztat.net/vgs/media/catalog_hd/LE/42/2T/01/0K/11/LE422T010-K11@8.1.jpg",
          "name": "RIDER JACKET - jeans jacket - dark blue",
          "price": Object {
            "discount": 12500,
            "regular": 24099,
          },
          "quantity": 3,
          "variants": Object {
            "color": "Dark Blue",
            "size": "46 Medium",
          },
        }
      }
    />
    <Item
      item={
        Object {
          "id": "71380d3a-59e3-11e9-8647-d663bd873d93",
          "imgUrl": "https://mosaic03.ztat.net/vgs/media/catalog_hd/C7/04/1F/06/LL/11/C7041F06L-L11@9.jpg",
          "name": "WOMAN JACKET FIX HOOD - outdoor - mint",
          "price": Object {
            "regular": 44000,
          },
          "quantity": 4,
          "variants": Object {
            "color": "Mint",
            "size": "42 Short",
          },
        }
      }
    />
  </ul>
  <section
    className="c2"
  >
    <Text
      as="h3"
      bold={true}
    >
      Item can only be shipped Standard
    </Text>
    <div
      className="c3"
    >
      <svg
        height="27"
        width="44"
        xmlns="http://www.w3.org/2000/svg"
      >
        <path
          d="M35.631 22.095a4.5 4.5 0 1 1-9 0 4.5 4.5 0 0 1 9 0zm-21.08 0a4.5 4.5 0 1 1-9 0 4.5 4.5 0 0 1 9 0z"
          fill="#b0b0b0"
        />
        <path
          d="M4.554 22.039H.18V.491h28.384v3.377h7.978l7.255 18.171h-7.169c-.03-3.007-2.484-5.444-5.497-5.444s-5.467 2.437-5.497 5.444H15.548c-.03-3.007-2.484-5.444-5.497-5.444s-5.467 2.437-5.497 5.444zm26.577-4.444a4.5 4.5 0 1 0 0 9 4.5 4.5 0 0 0 0-9zm-21.08 0a4.5 4.5 0 1 0 0 9 4.5 4.5 0 0 0 0-9z"
          fill="#b0b0b0"
        />
      </svg>
      <div
        className="c4"
      >
        <Text
          className="c5"
        >
          Ship to Me
        </Text>
        <Text
          as="span"
        >
          Arrives
        </Text>
        <span
          className="c6"
        >
          Tue, Apr 16 - Fri, Apr 19
        </span>
      </div>
    </div>
  </section>
</section>
`;
