// Jest Snapshot v1, https://goo.gl/fbAQLP

exports[`COMPONENT - ItemsList renders correct number of items 1`] = `
.c0 {
  margin-top: 3rem;
  border-top: 1px solid #b0b0b0;
  padding-top: 3rem;
}

.c1 {
  max-width: 100rem;
  padding: 0 2rem;
  margin: 0 auto;
  list-style: none;
}

<section
  className="c0"
>
  <ul
    className="c1"
  >
    <Item
      item={
        Object {
          "id": "64a673c2-59e3-11e9-8647-d663bd873d93",
          "imgUrl": "https://mosaic03.ztat.net/vgs/media/catalog_hd/LE/42/2T/01/0K/11/LE422T010-K11@8.1.jpg",
          "name": "RIDER JACKET - jeans jacket - dark blue",
          "price": Object {
            "discount": 12500,
            "regular": 24099,
          },
          "quantity": 3,
          "variants": Object {
            "color": "Dark Blue",
            "size": "46 Medium",
          },
        }
      }
    />
    <Item
      item={
        Object {
          "id": "71380d3a-59e3-11e9-8647-d663bd873d93",
          "imgUrl": "https://mosaic03.ztat.net/vgs/media/catalog_hd/C7/04/1F/06/LL/11/C7041F06L-L11@9.jpg",
          "name": "WOMAN JACKET FIX HOOD - outdoor - mint",
          "price": Object {
            "regular": 44000,
          },
          "quantity": 4,
          "variants": Object {
            "color": "Mint",
            "size": "42 Short",
          },
        }
      }
    />
  </ul>
</section>
`;
