// Jest Snapshot v1, https://goo.gl/fbAQLP

exports[`COMPONENT - App renders correctly "/cart" route 1`] = `
Array [
  <Header />,
  .c0 {
  margin-top: 6rem;
}

.c2 {
  margin: 0;
  margin-bottom: 2rem;
  font-size: 3rem;
  font-weight: 700;
  line-height: 1;
}

.c4 {
  background: #00a09f;
  color: #ffffff;
  display: block;
  font-size: 1.8rem;
  font-weight: 600;
  padding: 1.2rem;
  text-align: center;
  -webkit-text-decoration: none;
  text-decoration: none;
  max-width: 96rem;
  margin: 0 auto;
}

.c3 {
  bottom: 0;
  left: 0;
  padding: 1rem;
  position: fixed;
  width: 100%;
  background: #ffffff;
  border-top: 1px solid #b0b0b0;
}

.c1 {
  max-width: 100rem;
  padding: 0 2rem;
  margin: 0 auto;
  padding-top: 3rem;
  padding-bottom: 3rem;
}

<main
    className="c0"
  >
    <article
      className="c1"
    >
      <h1
        className="c2"
      >
        Cart
      </h1>
      <Item />
      <OrderSummary />
    </article>
    <div
      className="c3"
    >
      <a
        className="c4"
        href="/checkout/delivery"
        onClick={[Function]}
      >
        Checkout
      </a>
    </div>
  </main>,
]
`;

exports[`COMPONENT - App renders correctly "/checkout" route 1`] = `
Array [
  <Header />,
  .c0 {
  margin-top: 6rem;
}

.c1 {
  max-width: 100rem;
  padding: 0 2rem;
  margin: 0 auto;
  padding-top: 3rem;
  padding-bottom: 3rem;
}

<main
    className="c0"
  >
    <Navigation />
    <article
      className="c1"
    />
  </main>,
]
`;

exports[`COMPONENT - App renders correctly default route 1`] = `
Array [
  <Header />,
  .c0 {
  margin-top: 6rem;
}

<main
    className="c0"
  >
    <LandingPage
      history={
        Object {
          "action": "POP",
          "block": [Function],
          "canGo": [Function],
          "createHref": [Function],
          "entries": Array [
            Object {
              "hash": "",
              "key": "7x23d6",
              "pathname": "/",
              "search": "",
              "state": undefined,
            },
          ],
          "go": [Function],
          "goBack": [Function],
          "goForward": [Function],
          "index": 0,
          "length": 1,
          "listen": [Function],
          "location": Object {
            "hash": "",
            "key": "7x23d6",
            "pathname": "/",
            "search": "",
            "state": undefined,
          },
          "push": [Function],
          "replace": [Function],
        }
      }
      location={
        Object {
          "hash": "",
          "key": "7x23d6",
          "pathname": "/",
          "search": "",
          "state": undefined,
        }
      }
      match={
        Object {
          "isExact": true,
          "params": Object {},
          "path": "/",
          "url": "/",
        }
      }
    />
  </main>,
]
`;
